1: I love Daisy Dog
2: Mad Max the cat
3: I love Daisy Dog
4: Mad Max the cat
5: I love Daisy Dog
6: Mad Max the cat
7: I love Daisy Dog
8: Mad Max the cat
9: I love Daisy Dog
10: Mad Max the cat